// Jest Snapshot v1, https://goo.gl/fbAQLP

exports[`<Posts /> should match snapshot 1`] = `
<div
  class="posts-container"
>
  <div
    class="post"
  >
    <img
      alt="title 0"
      src="img0.png"
    />
    <div
      class="post-content"
    >
      <h2>
        title 0
      </h2>
      <p>
        body 0
      </p>
    </div>
  </div>
  <div
    class="post"
  >
    <img
      alt="title 1"
      src="img1.png"
    />
    <div
      class="post-content"
    >
      <h2>
        title 1
      </h2>
      <p>
        body 1
      </p>
    </div>
  </div>
</div>
`;
